// Jest Snapshot v1, https://goo.gl/fbAQLP

exports[`HInput renders 1`] = `
<body>
  <div>
    <div>
      <label
        for="h"
      >
        h
      </label>
      <input
        id="h"
        max="360"
        min="0"
        step="1"
        type="number"
        value="200"
      />
    </div>
  </div>
</body>
`;
