// Jest Snapshot v1, https://goo.gl/fbAQLP

exports[`XYInput renders 1`] = `
<body>
  <div>
    <div
      data-testid="xy"
    >
      <div
        style="width: 18px; height: 18px; top: calc(10% - 9px); left: calc(0% - 9px);"
      />
      <span>
        children
      </span>
    </div>
  </div>
</body>
`;

exports[`XYInput renders isDark 1`] = `
<body>
  <div>
    <div
      data-testid="xy"
    >
      <div
        style="width: 18px; height: 18px; top: calc(10% - 9px); left: calc(0% - 9px);"
      />
      <span>
        children
      </span>
    </div>
  </div>
</body>
`;
