// Jest Snapshot v1, https://goo.gl/fbAQLP

exports[`SGradient basic renders 1`] = `
<div>
  <div
    key="1"
    style={
      Object {
        "opacity": 0,
      }
    }
  />
  <div
    key="2"
    style={
      Object {
        "background": "linear-gradient(to bottom, rgb(255,255,255) 0%, rgba(128,128,128,0) 50%, rgb(0,0,0) 100%)",
        "opacity": 0,
      }
    }
  />
  <div
    key="3"
    style={
      Object {
        "background": "linear-gradient(to bottom, rgb(255,255,255) 0%, rgb(128,128,128) 50%, rgb(0,0,0) 100%)",
        "opacity": 0,
      }
    }
  />
</div>
`;

exports[`SGradient opacity renders 1`] = `<noscript />`;
